node.exe : 
At line:1 char:1
+ & "C:\Program Files\
nodejs/node.exe" 
"C:\Program 
Files\nodejs/node_mo 
...
+ ~~~~~~~~~~~~~~~~~~~~
~~~~~~~~~~~~~~~~~~~~~~
~~~~~~~~~~~~~~~~~~~~~~
~~~~~
    + CategoryInfo    
          : NotSpeci  
  fied: (:String) [   
 ], RemoteExceptio    
n
    + FullyQualifiedE 
   rrorId : NativeCo  
  mmandError
 
> Build error occurred
Error: Configuring 
Next.js via 
'next.config.ts' is 
not supported. Please 
replace the file with 
'next.config.js' or 
'next.config.mjs'.
    at loadConfig (C:\
Users\LEUKOCYTE\Deskto
p\cv-resume\node_modul
es\next\dist\server\co
nfig.js:800:19)
    at async 
Span.traceAsyncFn (C:\
Users\LEUKOCYTE\Deskto
p\cv-resume\node_modul
es\next\dist\trace\tra
ce.js:154:20)
    at async C:\Users\
LEUKOCYTE\Desktop\cv-r
esume\node_modules\nex
t\dist\build\index.js:
374:28
    at async 
Span.traceAsyncFn (C:\
Users\LEUKOCYTE\Deskto
p\cv-resume\node_modul
es\next\dist\trace\tra
ce.js:154:20)
    at async build (C:
\Users\LEUKOCYTE\Deskt
op\cv-resume\node_modu
les\next\dist\build\in
dex.js:368:9)
